/home/hunter/chipyard/common.mk:537: warning: overriding recipe for target 'run-asm-tests-fast'
/home/hunter/chipyard/sims/verilator/generated-src/chipyard.harness.TestHarness.GemminiNM48RocketConfig/chipyard.harness.TestHarness.GemminiNM48RocketConfig.d:780: warning: ignoring old recipe for target 'run-asm-tests-fast'
/home/hunter/chipyard/common.mk:540: warning: overriding recipe for target 'run-bmark-tests-fast'
/home/hunter/chipyard/sims/verilator/generated-src/chipyard.harness.TestHarness.GemminiNM48RocketConfig/chipyard.harness.TestHarness.GemminiNM48RocketConfig.d:839: warning: ignoring old recipe for target 'run-bmark-tests-fast'
if [ "/tmp/tmp.YmzLe2Uh8F/fair_perf_48-baremetal" != "none" ] && [ ! -f "/tmp/tmp.YmzLe2Uh8F/fair_perf_48-baremetal" ]; then printf "\n\nBinary /tmp/tmp.YmzLe2Uh8F/fair_perf_48-baremetal not found\n\n"; exit 1; fi
(set -o pipefail &&  /home/hunter/chipyard/sims/verilator/simulator-chipyard.harness-GemminiNM48RocketConfig \
	+permissive \
	+dramsim +dramsim_ini_dir=/home/hunter/chipyard/generators/testchipip/src/main/resources/dramsim2_ini +max-cycles=150000000   +loadmem=/tmp/tmp.YmzLe2Uh8F/fair_perf_48-baremetal  \
	+permissive-off \
	/tmp/tmp.YmzLe2Uh8F/fair_perf_48-baremetal \
	 \
	</dev/null | tee /home/hunter/chipyard/sims/verilator/output/chipyard.harness.TestHarness.GemminiNM48RocketConfig/fair_perf_48-baremetal.log)
== Loading device model file '%Warning: System has stack size 8192 kb which may be too small; suggest 'ulimit -c 15365' or larger
[UART] UART0 is here (stdin/stdout).
/home/hunter/chipyard/generators/testchipip/src/main/resources/dramsim2_ini/DDR3_micron_64M_8B_x4_sg15.ini' == 
== Loading system model file '/home/hunter/chipyard/generators/testchipip/src/main/resources/dramsim2_ini/system.ini' == 
===== MemorySystem 0 =====
CH. 0 TOTAL_STORAGE : 4096MB | 1 Ranks | 16 Devices per rank
DRAMSim2 Clock Frequency =666666666Hz, CPU Clock Frequency=500000000Hz
fair_perf: 4:8, i=64 k=128 j=32
dense          total   1601  cpu_issue_done   1537  pairs  64  cyc/pair   25 | ex_active=1320 rs_full=1578 ctrl_q_block=0 overlap_haz=0 spad_a_wait=47 spad_b_wait=190 spad_d_wait=223 main_ex=1445
dense matches the cpu reference (2048 values)
dense_reuse    total   1768  cpu_issue_done   1702  pairs  64  cyc/pair   27 | ex_active=1260 rs_full=1799 ctrl_q_block=0 overlap_haz=0 spad_a_wait=506 spad_b_wait=0 spad_d_wait=490 main_ex=1548
dense_reuse matches the cpu reference (2048 values)
sparse         total   3827  cpu_issue_done   3775  pairs  32  cyc/pair  119 | ex_active=960 rs_full=3869 ctrl_q_block=0 overlap_haz=0 spad_a_wait=2832 spad_b_wait=2316 spad_d_wait=2834 main_ex=3442
sparse matches the cpu reference (2048 values)
sparse_reuse   total   1913  cpu_issue_done   1856  pairs  32  cyc/pair   59 | ex_active=672 rs_full=1952 ctrl_q_block=0 overlap_haz=0 spad_a_wait=1227 spad_b_wait=1212 spad_d_wait=698 main_ex=1502
sparse_reuse matches the cpu reference (2048 values)
cpu only (no gemmini instructions issued):
cpu_dense      total   1093  cpu_issue_done   1091  pairs  64  cyc/pair   17 | ex_active=0 rs_full=1199 ctrl_q_block=0 overlap_haz=0 spad_a_wait=1154 spad_b_wait=1139 spad_d_wait=1124 main_ex=0
cpu_dense_reuse total   1090  cpu_issue_done   1088  pairs  64  cyc/pair   17 | ex_active=0 rs_full=1199 ctrl_q_block=0 overlap_haz=0 spad_a_wait=1154 spad_b_wait=1139 spad_d_wait=1124 main_ex=0
cpu_sparse     total   2486  cpu_issue_done   2484  pairs  32  cyc/pair   77 | ex_active=0 rs_full=2592 ctrl_q_block=0 overlap_haz=0 spad_a_wait=2547 spad_b_wait=2532 spad_d_wait=2517 main_ex=0
cpu_sparse_reuse total   1171  cpu_issue_done   1169  pairs  32  cyc/pair   36 | ex_active=0 rs_full=1276 ctrl_q_block=0 overlap_haz=0 spad_a_wait=1231 spad_b_wait=1216 spad_d_wait=1201 main_ex=0
fair_perf passed
- /home/hunter/chipyard/sims/verilator/generated-src/chipyard.harness.TestHarness.GemminiNM48RocketConfig/gen-collateral/TestDriver.v:158: Verilog $finish
