/home/hunter/chipyard/common.mk:537: warning: overriding recipe for target 'run-asm-tests-fast'
/home/hunter/chipyard/sims/verilator/generated-src/chipyard.harness.TestHarness.GemminiNMRocketConfig/chipyard.harness.TestHarness.GemminiNMRocketConfig.d:780: warning: ignoring old recipe for target 'run-asm-tests-fast'
/home/hunter/chipyard/common.mk:540: warning: overriding recipe for target 'run-bmark-tests-fast'
/home/hunter/chipyard/sims/verilator/generated-src/chipyard.harness.TestHarness.GemminiNMRocketConfig/chipyard.harness.TestHarness.GemminiNMRocketConfig.d:839: warning: ignoring old recipe for target 'run-bmark-tests-fast'
if [ "/tmp/tmp.YmzLe2Uh8F/fair_perf_24-baremetal" != "none" ] && [ ! -f "/tmp/tmp.YmzLe2Uh8F/fair_perf_24-baremetal" ]; then printf "\n\nBinary /tmp/tmp.YmzLe2Uh8F/fair_perf_24-baremetal not found\n\n"; exit 1; fi
(set -o pipefail &&  /home/hunter/chipyard/sims/verilator/simulator-chipyard.harness-GemminiNMRocketConfig \
	+permissive \
	+dramsim +dramsim_ini_dir=/home/hunter/chipyard/generators/testchipip/src/main/resources/dramsim2_ini +max-cycles=150000000   +loadmem=/tmp/tmp.YmzLe2Uh8F/fair_perf_24-baremetal  \
	+permissive-off \
	/tmp/tmp.YmzLe2Uh8F/fair_perf_24-baremetal \
	 \
	</dev/null | tee /home/hunter/chipyard/sims/verilator/output/chipyard.harness.TestHarness.GemminiNMRocketConfig/fair_perf_24-baremetal.log)
== Loading device model file '/home/hunter/chipyard/generators/testchipip/src/main/resources/dramsim2_ini/DDR3_micron_64M_8B_x4_sg15.ini' == 
%Warning: System has stack size 8192 kb which may be too small; suggest 'ulimit -c 15364' or larger
[UART] UART0 is here (stdin/stdout).
== Loading system model file '/home/hunter/chipyard/generators/testchipip/src/main/resources/dramsim2_ini/system.ini' == 
===== MemorySystem 0 =====
CH. 0 TOTAL_STORAGE : 4096MB | 1 Ranks | 16 Devices per rank
DRAMSim2 Clock Frequency =666666666Hz, CPU Clock Frequency=500000000Hz
fair_perf: 2:4, i=64 k=128 j=32
dense          total   1648  cpu_issue_done   1585  pairs  64  cyc/pair   25 | ex_active=1305 rs_full=1679 ctrl_q_block=0 overlap_haz=0 spad_a_wait=56 spad_b_wait=0 spad_d_wait=59 main_ex=1488
dense matches the cpu reference (2048 values)
dense_reuse    total   1750  cpu_issue_done   1684  pairs  64  cyc/pair   27 | ex_active=1260 rs_full=1729 ctrl_q_block=0 overlap_haz=0 spad_a_wait=436 spad_b_wait=0 spad_d_wait=421 main_ex=1504
dense_reuse matches the cpu reference (2048 values)
sparse         total   2778  cpu_issue_done   2722  pairs  32  cyc/pair   86 | ex_active=960 rs_full=2832 ctrl_q_block=0 overlap_haz=0 spad_a_wait=1783 spad_b_wait=1294 spad_d_wait=1785 main_ex=2405
sparse matches the cpu reference (2048 values)
sparse_reuse   total   1686  cpu_issue_done   1626  pairs  32  cyc/pair   52 | ex_active=672 rs_full=1739 ctrl_q_block=0 overlap_haz=0 spad_a_wait=1002 spad_b_wait=987 spad_d_wait=683 main_ex=1345
sparse_reuse matches the cpu reference (2048 values)
cpu only (no gemmini instructions issued):
cpu_dense      total   1086  cpu_issue_done   1084  pairs  64  cyc/pair   16 | ex_active=0 rs_full=1204 ctrl_q_block=0 overlap_haz=0 spad_a_wait=1147 spad_b_wait=1132 spad_d_wait=1117 main_ex=0
cpu_dense_reuse total   1087  cpu_issue_done   1085  pairs  64  cyc/pair   16 | ex_active=0 rs_full=1196 ctrl_q_block=0 overlap_haz=0 spad_a_wait=1151 spad_b_wait=1136 spad_d_wait=1121 main_ex=0
cpu_sparse     total   1883  cpu_issue_done   1881  pairs  32  cyc/pair   58 | ex_active=0 rs_full=1990 ctrl_q_block=0 overlap_haz=0 spad_a_wait=1945 spad_b_wait=1930 spad_d_wait=1915 main_ex=0
cpu_sparse_reuse total   1016  cpu_issue_done   1014  pairs  32  cyc/pair   31 | ex_active=0 rs_full=1122 ctrl_q_block=0 overlap_haz=0 spad_a_wait=1077 spad_b_wait=1062 spad_d_wait=1047 main_ex=0
fair_perf passed
- /home/hunter/chipyard/sims/verilator/generated-src/chipyard.harness.TestHarness.GemminiNMRocketConfig/gen-collateral/TestDriver.v:158: Verilog $finish
