/home/hunter/chipyard/common.mk:537: warning: overriding recipe for target 'run-asm-tests-fast'
/home/hunter/chipyard/sims/verilator/generated-src/chipyard.harness.TestHarness.GemminiRocketConfig/chipyard.harness.TestHarness.GemminiRocketConfig.d:780: warning: ignoring old recipe for target 'run-asm-tests-fast'
/home/hunter/chipyard/common.mk:540: warning: overriding recipe for target 'run-bmark-tests-fast'
/home/hunter/chipyard/sims/verilator/generated-src/chipyard.harness.TestHarness.GemminiRocketConfig/chipyard.harness.TestHarness.GemminiRocketConfig.d:839: warning: ignoring old recipe for target 'run-bmark-tests-fast'
mkdir -p /home/hunter/chipyard/sims/verilator/output/chipyard.harness.TestHarness.GemminiRocketConfig
if [ "../../generators/gemmini/software/gemmini-rocc-tests/build/bareMetalC/matmul-baremetal" != "none" ] && [ ! -f "../../generators/gemmini/software/gemmini-rocc-tests/build/bareMetalC/matmul-baremetal" ]; then printf "\n\nBinary ../../generators/gemmini/software/gemmini-rocc-tests/build/bareMetalC/matmul-baremetal not found\n\n"; exit 1; fi
(set -o pipefail &&  /home/hunter/chipyard/sims/verilator/simulator-chipyard.harness-GemminiRocketConfig \
	+permissive \
	+dramsim +dramsim_ini_dir=/home/hunter/chipyard/generators/testchipip/src/main/resources/dramsim2_ini +max-cycles=10000000     \
	+verbose \
	+permissive-off \
	../../generators/gemmini/software/gemmini-rocc-tests/build/bareMetalC/matmul-baremetal \
	 \
	</dev/null 2> >(spike-dasm > /home/hunter/chipyard/sims/verilator/output/chipyard.harness.TestHarness.GemminiRocketConfig/matmul-baremetal.out) | tee /home/hunter/chipyard/sims/verilator/output/chipyard.harness.TestHarness.GemminiRocketConfig/matmul-baremetal.log)
%Warning: System has stack size 8192 kb which may be too small; suggest 'ulimit -c 15363' or larger
[UART] UART0 is here (stdin/stdout).
A_transpose: 0, B_transpose: 0, dataflow: 0
Output-stationary
A_transpose: 0, B_transpose: 0, dataflow: 1
Weight-stationary
[10000001000] %Fatal: TestDriver.v:147: Assertion failed in TOP.TestDriver
%Error: /home/hunter/chipyard/sims/verilator/generated-src/chipyard.harness.TestHarness.GemminiRocketConfig/gen-collateral/TestDriver.v:147: Verilog $stop
Aborting...
make: *** [/home/hunter/chipyard/common.mk:381: ../../generators/gemmini/software/gemmini-rocc-tests/build/bareMetalC/matmul-baremetal.run] Error 255

real	24m35.231s
user	24m16.225s
sys	0m6.507s
EXIT=2
