===== spike --extension=gemmini mvin_mvout-baremetal =====
Gemmini extension configured with:
    dim = 16
EXIT=0  wall=.018750919s
===== spike --extension=gemmini matmul-baremetal =====
A_transpose: 0, B_transpose: 0, dataflow: 0
Output-stationary
A_transpose: 0, B_transpose: 0, dataflow: 1
Weight-stationary
A_transpose: 0, B_transpose: 1, dataflow: 0
Output-stationary
A_transpose: 0, B_transpose: 1, dataflow: 1
Weight-stationary
A_transpose: 1, B_transpose: 0, dataflow: 0
Output-stationary
A_transpose: 1, B_transpose: 0, dataflow: 1
Weight-stationary
A_transpose: 1, B_transpose: 1, dataflow: 0
Output-stationary
A_transpose: 1, B_transpose: 1, dataflow: 1
Weight-stationary
Gemmini extension configured with:
    dim = 16
EXIT=0  wall=.032400973s
