1. every test passed its own correctness check (original runs)
  ok    nm24 nm_sparse_debug: printed 'nm_sparse_debug passed' and no failure line
  ok    nm24 nm_sparse_matmul: printed 'nm_sparse_matmul passed' and no failure line
  ok    nm24 nm_sparse_perf: printed 'nm_sparse_perf passed' and no failure line
  ok    nm48 nm_sparse_debug: printed 'nm_sparse_debug passed' and no failure line
  ok    nm48 nm_sparse_matmul: printed 'nm_sparse_matmul passed' and no failure line
  ok    nm48 nm_sparse_perf: printed 'nm_sparse_perf passed' and no failure line

2. results/cycles.csv matches the raw logs, row by row
  ok    nm24 matmul dense: csv 543 = log 543
  ok    nm24 matmul sparse: csv 815 = log 815
  ok    nm24 perf dense             csv total/busy/tiles 2217/1800/64 = log
  ok    nm24 perf dense_bias        csv total/busy/tiles 1994/1725/64 = log
  ok    nm24 perf sparse            csv total/busy/tiles 2977/960/32 = log
  ok    nm24 perf sparse_nat        csv total/busy/tiles 2633/960/32 = log
  ok    nm24 perf dense_reuse       csv total/busy/tiles 3623/1344/64 = log
  ok    nm24 perf sparse_reuse      csv total/busy/tiles 2508/672/32 = log
  ok    nm24 perf cpu_dense         csv total/busy/tiles 1551/0/64 = log
  ok    nm24 perf cpu_sparse        csv total/busy/tiles 1995/0/32 = log
  ok    nm24 perf cpu_sparse_nat    csv total/busy/tiles 2007/0/32 = log
  ok    nm24 perf cpu_dense_reuse   csv total/busy/tiles 2762/0/64 = log
  ok    nm24 perf cpu_sparse_reuse  csv total/busy/tiles 2146/0/32 = log
  ok    nm48 matmul dense: csv 554 = log 554
  ok    nm48 matmul sparse: csv 1031 = log 1031
  ok    nm48 perf dense             csv total/busy/tiles 2248/1800/64 = log
  ok    nm48 perf dense_bias        csv total/busy/tiles 1990/1710/64 = log
  ok    nm48 perf sparse            csv total/busy/tiles 3513/960/32 = log
  ok    nm48 perf sparse_nat        csv total/busy/tiles 3470/960/32 = log
  ok    nm48 perf dense_reuse       csv total/busy/tiles 3761/1344/64 = log
  ok    nm48 perf sparse_reuse      csv total/busy/tiles 2771/672/32 = log
  ok    nm48 perf cpu_dense         csv total/busy/tiles 1568/0/64 = log
  ok    nm48 perf cpu_sparse        csv total/busy/tiles 2685/0/32 = log
  ok    nm48 perf cpu_sparse_nat    csv total/busy/tiles 2315/0/32 = log
  ok    nm48 perf cpu_dense_reuse   csv total/busy/tiles 2773/0/64 = log
  ok    nm48 perf cpu_sparse_reuse  csv total/busy/tiles 2345/0/32 = log
  ok    cycles.csv has 26 data rows (2 configs x (2 matmul + 11 perf))

3. analysis/all_data.csv (the chart data) matches the raw logs
  ok    210 values in all_data.csv compared, see any FAIL lines above

4. fresh re-run (verification/rerun-logs) reproduces the original numbers exactly
  ok    nm24 nm_sparse_debug: re-run passed
  ok    nm24 nm_sparse_debug: all 6 numbers identical to the original
  ok    nm24 nm_sparse_matmul: re-run passed
  ok    nm24 nm_sparse_matmul: all 2 numbers identical to the original
  ok    nm24 nm_sparse_perf: re-run passed
  ok    nm24 nm_sparse_perf: all 121 numbers identical to the original
  ok    nm48 nm_sparse_debug: re-run passed
  ok    nm48 nm_sparse_debug: all 6 numbers identical to the original
  ok    nm48 nm_sparse_matmul: re-run passed
  ok    nm48 nm_sparse_matmul: all 2 numbers identical to the original
  ok    nm48 nm_sparse_perf: re-run passed
  ok    nm48 nm_sparse_perf: all 121 numbers identical to the original

5. every quoted number, recomputed from the raw logs
  ok    2:4 array busy, no reuse: dense 1800 / sparse 960 = 1.875  (report says 1.88)
  ok    2:4 array busy, weight reuse: dense 1344 / sparse 672 = 2.000  (report says 2.00)
  ok    2:4 end to end, weight reuse: 3623 / 2508 = 1.445  (report says 1.44)
  ok    2:4 end to end, no reuse, meta ahead: 2217 / 2977 = 0.745  (report says 0.74)
  ok    2:4 end to end, no reuse, natural: 2217 / 2633 = 0.842  (report says 0.84)
  ok    2:4 array busy per tile, reuse: dense 1344/64, sparse 672/32 = 1.000  (report says 1.00)
  ok    4:8 array busy, no reuse: dense 1800 / sparse 960 = 1.875  (report says 1.88)
  ok    4:8 array busy, weight reuse: dense 1344 / sparse 672 = 2.000  (report says 2.00)
  ok    4:8 end to end, weight reuse: 3761 / 2771 = 1.357  (report says 1.36)
  ok    4:8 end to end, no reuse, meta ahead: 2248 / 3513 = 0.640  (report says 0.64)
  ok    4:8 end to end, no reuse, natural: 2248 / 3470 = 0.648  (report says 0.65)
  ok    4:8 array busy per tile, reuse: dense 1344/64, sparse 672/32 = 1.000  (report says 1.00)
  ok    CPU-only issue time as a share of each total: 67% to 86%  (report says 67-86%)

ALL CHECKS PASSED
