Gemmini extension configured with:
    dim = 16
A_transpose: 0, B_transpose: 0, dataflow: 0
Output-stationary
A_transpose: 0, B_transpose: 0, dataflow: 1
Weight-stationary
A_transpose: 0, B_transpose: 1, dataflow: 0
Output-stationary
A_transpose: 0, B_transpose: 1, dataflow: 1
Weight-stationary
A_transpose: 1, B_transpose: 0, dataflow: 0
Output-stationary
A_transpose: 1, B_transpose: 0, dataflow: 1
Weight-stationary
A_transpose: 1, B_transpose: 1, dataflow: 0
Output-stationary
A_transpose: 1, B_transpose: 1, dataflow: 1
Weight-stationary
Gemmini extension configured with:
    dim = 16
2:4 ok (k=64 squashed to 32 rows)
4:8 ok (k=64 squashed to 32 rows)
1:2 ok (k=64 squashed to 32 rows)
nm_sparse_sw passed
nm_sparse_matmul: 2:4, i=32 k=64 j=32
dense  cycles: 341 (16 preload/compute pairs)
sparse cycles: 498 (8 preload/compute pairs, 4 meta cmds each)
nm_sparse_matmul passed
Gemmini extension configured with:
    dim = 16
fair_perf: 2:4, i=64 k=128 j=32
dense          total   1328  cpu_issue_done   1326  pairs  64  cyc/pair   20 | ex_active=33858 rs_full=31486 ctrl_q_block=33969 overlap_haz=30205 spad_a_wait=31737 spad_b_wait=32899 spad_d_wait=31185 main_ex=32384
dense matches the cpu reference (2048 values)
dense_reuse    total   1391  cpu_issue_done   1389  pairs  64  cyc/pair   21 | ex_active=29452 rs_full=32874 ctrl_q_block=30265 overlap_haz=29676 spad_a_wait=34734 spad_b_wait=32514 spad_d_wait=32951 main_ex=30682
dense_reuse matches the cpu reference (2048 values)
sparse         total   1701  cpu_issue_done   1699  pairs  32  cyc/pair   53 | ex_active=50279 rs_full=48926 ctrl_q_block=49128 overlap_haz=50847 spad_a_wait=46226 spad_b_wait=49876 spad_d_wait=46997 main_ex=49300
sparse matches the cpu reference (2048 values)
sparse_reuse   total   1072  cpu_issue_done   1070  pairs  32  cyc/pair   33 | ex_active=23799 rs_full=25879 ctrl_q_block=27231 overlap_haz=22275 spad_a_wait=24476 spad_b_wait=23733 spad_d_wait=25351 main_ex=26290
sparse_reuse matches the cpu reference (2048 values)
cpu only (no gemmini instructions issued):
cpu_dense      total   1008  cpu_issue_done   1006  pairs  64  cyc/pair   15 | ex_active=0 rs_full=0 ctrl_q_block=0 overlap_haz=0 spad_a_wait=0 spad_b_wait=0 spad_d_wait=0 main_ex=0
cpu_dense_reuse total   1023  cpu_issue_done   1021  pairs  64  cyc/pair   15 | ex_active=0 rs_full=0 ctrl_q_block=0 overlap_haz=0 spad_a_wait=0 spad_b_wait=0 spad_d_wait=0 main_ex=0
cpu_sparse     total   1393  cpu_issue_done   1391  pairs  32  cyc/pair   43 | ex_active=0 rs_full=0 ctrl_q_block=0 overlap_haz=0 spad_a_wait=0 spad_b_wait=0 spad_d_wait=0 main_ex=0
cpu_sparse_reuse total    839  cpu_issue_done    837  pairs  32  cyc/pair   26 | ex_active=0 rs_full=0 ctrl_q_block=0 overlap_haz=0 spad_a_wait=0 spad_b_wait=0 spad_d_wait=0 main_ex=0
fair_perf passed
Gemmini extension configured with:
    dim = 16
fair_perf: 2:4, i=64 k=128 j=32
dense          total   1328  cpu_issue_done   1326  pairs  64  cyc/pair   20 | ex_active=33858 rs_full=31486 ctrl_q_block=33969 overlap_haz=30205 spad_a_wait=31737 spad_b_wait=32899 spad_d_wait=31185 main_ex=32384
dense matches the cpu reference (2048 values)
dense_reuse    total   1391  cpu_issue_done   1389  pairs  64  cyc/pair   21 | ex_active=29452 rs_full=32874 ctrl_q_block=30265 overlap_haz=29676 spad_a_wait=34734 spad_b_wait=32514 spad_d_wait=32951 main_ex=30682
dense_reuse matches the cpu reference (2048 values)
cpu only (no gemmini instructions issued):
cpu_dense      total   1008  cpu_issue_done   1006  pairs  64  cyc/pair   15 | ex_active=0 rs_full=0 ctrl_q_block=0 overlap_haz=0 spad_a_wait=0 spad_b_wait=0 spad_d_wait=0 main_ex=0
cpu_dense_reuse total   1023  cpu_issue_done   1021  pairs  64  cyc/pair   15 | ex_active=0 rs_full=0 ctrl_q_block=0 overlap_haz=0 spad_a_wait=0 spad_b_wait=0 spad_d_wait=0 main_ex=0
fair_perf passed
Gemmini extension configured with:
    dim = 16
