/home/hunter/chipyard/common.mk:537: warning: overriding recipe for target 'run-asm-tests-fast'
/home/hunter/chipyard/sims/verilator/generated-src/chipyard.harness.TestHarness.GemminiNMRocketConfig/chipyard.harness.TestHarness.GemminiNMRocketConfig.d:780: warning: ignoring old recipe for target 'run-asm-tests-fast'
/home/hunter/chipyard/common.mk:540: warning: overriding recipe for target 'run-bmark-tests-fast'
/home/hunter/chipyard/sims/verilator/generated-src/chipyard.harness.TestHarness.GemminiNMRocketConfig/chipyard.harness.TestHarness.GemminiNMRocketConfig.d:839: warning: ignoring old recipe for target 'run-bmark-tests-fast'
if [ "../../generators/gemmini/software/gemmini-rocc-tests/build/bareMetalC/nm_sparse_perf-baremetal" != "none" ] && [ ! -f "../../generators/gemmini/software/gemmini-rocc-tests/build/bareMetalC/nm_sparse_perf-baremetal" ]; then printf "\n\nBinary ../../generators/gemmini/software/gemmini-rocc-tests/build/bareMetalC/nm_sparse_perf-baremetal not found\n\n"; exit 1; fi
(set -o pipefail &&  /home/hunter/chipyard/sims/verilator/simulator-chipyard.harness-GemminiNMRocketConfig \
	+permissive \
	+dramsim +dramsim_ini_dir=/home/hunter/chipyard/generators/testchipip/src/main/resources/dramsim2_ini +max-cycles=10000000   +loadmem=../../generators/gemmini/software/gemmini-rocc-tests/build/bareMetalC/nm_sparse_perf-baremetal  \
	+permissive-off \
	../../generators/gemmini/software/gemmini-rocc-tests/build/bareMetalC/nm_sparse_perf-baremetal \
	 \
	</dev/null | tee /home/hunter/chipyard/sims/verilator/output/chipyard.harness.TestHarness.GemminiNMRocketConfig/nm_sparse_perf-baremetal.log)
== Loading device model file '%Warning: System has stack size 8192 kb which may be too small; suggest 'ulimit -c 15364' or larger
[UART] UART0 is here (stdin/stdout).
/home/hunter/chipyard/generators/testchipip/src/main/resources/dramsim2_ini/DDR3_micron_64M_8B_x4_sg15.ini' == 
== Loading system model file '/home/hunter/chipyard/generators/testchipip/src/main/resources/dramsim2_ini/system.ini' == 
===== MemorySystem 0 =====
CH. 0 TOTAL_STORAGE : 4096MB | 1 Ranks | 16 Devices per rank
DRAMSim2 Clock Frequency =666666666Hz, CPU Clock Frequency=500000000Hz
nm_sparse_perf: 2:4, i=64 k=128 j=32
dense          total   2049  cpu_issue_done   1982  pairs  64  cyc/pair   32 | ex_active=1680 rs_full=2081 ctrl_q_block=0 overlap_haz=0 spad_a_wait=115 spad_b_wait=0 spad_d_wait=121 main_ex=1915
dense_bias     total   1980  cpu_issue_done   1920  pairs  64  cyc/pair   30 | ex_active=1710 rs_full=1956 ctrl_q_block=0 overlap_haz=0 spad_a_wait=207 spad_b_wait=105 spad_d_wait=185 main_ex=1943
sparse         total   2859  cpu_issue_done   2786  pairs  32  cyc/pair   89 | ex_active=960 rs_full=2903 ctrl_q_block=0 overlap_haz=0 spad_a_wait=1866 spad_b_wait=1851 spad_d_wait=1868 main_ex=2513
sparse_nat     total   2563  cpu_issue_done   2490  pairs  32  cyc/pair   80 | ex_active=960 rs_full=2619 ctrl_q_block=0 overlap_haz=0 spad_a_wait=1570 spad_b_wait=1555 spad_d_wait=1572 main_ex=2433
dense_reuse    total   3201  cpu_issue_done   3137  pairs  64  cyc/pair   50 | ex_active=1344 rs_full=3191 ctrl_q_block=0 overlap_haz=0 spad_a_wait=1774 spad_b_wait=415 spad_d_wait=1699 main_ex=2100
sparse_reuse   total   2351  cpu_issue_done   2294  pairs  32  cyc/pair   73 | ex_active=672 rs_full=2393 ctrl_q_block=0 overlap_haz=0 spad_a_wait=1668 spad_b_wait=1394 spad_d_wait=827 main_ex=1818
nm_sparse_perf passed
- /home/hunter/chipyard/sims/verilator/generated-src/chipyard.harness.TestHarness.GemminiNMRocketConfig/gen-collateral/TestDriver.v:158: Verilog $finish

real	5m57.977s
user	5m53.486s
sys	0m0.565s
EXIT=0
