/home/hunter/chipyard/common.mk:537: warning: overriding recipe for target 'run-asm-tests-fast'
/home/hunter/chipyard/sims/verilator/generated-src/chipyard.harness.TestHarness.GemminiNMRocketConfig/chipyard.harness.TestHarness.GemminiNMRocketConfig.d:780: warning: ignoring old recipe for target 'run-asm-tests-fast'
/home/hunter/chipyard/common.mk:540: warning: overriding recipe for target 'run-bmark-tests-fast'
/home/hunter/chipyard/sims/verilator/generated-src/chipyard.harness.TestHarness.GemminiNMRocketConfig/chipyard.harness.TestHarness.GemminiNMRocketConfig.d:839: warning: ignoring old recipe for target 'run-bmark-tests-fast'
if [ "../../generators/gemmini/software/gemmini-rocc-tests/build/bareMetalC/nm_sparse_perf-baremetal" != "none" ] && [ ! -f "../../generators/gemmini/software/gemmini-rocc-tests/build/bareMetalC/nm_sparse_perf-baremetal" ]; then printf "\n\nBinary ../../generators/gemmini/software/gemmini-rocc-tests/build/bareMetalC/nm_sparse_perf-baremetal not found\n\n"; exit 1; fi
(set -o pipefail &&  /home/hunter/chipyard/sims/verilator/simulator-chipyard.harness-GemminiNMRocketConfig \
	+permissive \
	+dramsim +dramsim_ini_dir=/home/hunter/chipyard/generators/testchipip/src/main/resources/dramsim2_ini +max-cycles=10000000   +loadmem=../../generators/gemmini/software/gemmini-rocc-tests/build/bareMetalC/nm_sparse_perf-baremetal  \
	+permissive-off \
	../../generators/gemmini/software/gemmini-rocc-tests/build/bareMetalC/nm_sparse_perf-baremetal \
	 \
	</dev/null | tee /home/hunter/chipyard/sims/verilator/output/chipyard.harness.TestHarness.GemminiNMRocketConfig/nm_sparse_perf-baremetal.log)
== Loading device model file '%Warning: System has stack size 8192 kb which may be too small; suggest 'ulimit -c 15365' or larger
[UART] UART0 is here (stdin/stdout).
/home/hunter/chipyard/generators/testchipip/src/main/resources/dramsim2_ini/DDR3_micron_64M_8B_x4_sg15.ini' == 
== Loading system model file '/home/hunter/chipyard/generators/testchipip/src/main/resources/dramsim2_ini/system.ini' == 
===== MemorySystem 0 =====
CH. 0 TOTAL_STORAGE : 4096MB | 1 Ranks | 16 Devices per rank
DRAMSim2 Clock Frequency =666666666Hz, CPU Clock Frequency=500000000Hz
nm_sparse_perf: 2:4, i=64 k=128 j=32
dense          total   2046  cpu_issue_done   1979  pairs  64  cyc/pair   31 | ex_active=1680 rs_full=2024 ctrl_q_block=0 overlap_haz=0 spad_a_wait=112 spad_b_wait=0 spad_d_wait=118 main_ex=1912
dense_bias     total   1980  cpu_issue_done   1920  pairs  64  cyc/pair   30 | ex_active=1725 rs_full=1958 ctrl_q_block=0 overlap_haz=0 spad_a_wait=193 spad_b_wait=89 spad_d_wait=171 main_ex=1943
sparse         total   2815  cpu_issue_done   2742  pairs  32  cyc/pair   87 | ex_active=960 rs_full=2732 ctrl_q_block=0 overlap_haz=0 spad_a_wait=1823 spad_b_wait=1808 spad_d_wait=1706 main_ex=2477
sparse_nat     total   2516  cpu_issue_done   2443  pairs  32  cyc/pair   78 | ex_active=960 rs_full=2432 ctrl_q_block=0 overlap_haz=0 spad_a_wait=1523 spad_b_wait=1508 spad_d_wait=1525 main_ex=2408
sparse_nometa  total   1375  cpu_issue_done   1302  pairs  32  cyc/pair   42 | ex_active=960 rs_full=1419 ctrl_q_block=0 overlap_haz=0 spad_a_wait=382 spad_b_wait=367 spad_d_wait=384 main_ex=1323
(sparse_nometa results are junk on purpose)
dense_reuse    total   3155  cpu_issue_done   3091  pairs  64  cyc/pair   49 | ex_active=1344 rs_full=3133 ctrl_q_block=0 overlap_haz=0 spad_a_wait=1728 spad_b_wait=415 spad_d_wait=1662 main_ex=2090
sparse_reuse   total   2250  cpu_issue_done   2187  pairs  32  cyc/pair   70 | ex_active=672 rs_full=2260 ctrl_q_block=0 overlap_haz=0 spad_a_wait=1567 spad_b_wait=1293 spad_d_wait=299 main_ex=1718
nm_sparse_perf passed
- /home/hunter/chipyard/sims/verilator/generated-src/chipyard.harness.TestHarness.GemminiNMRocketConfig/gen-collateral/TestDriver.v:158: Verilog $finish

real	6m23.931s
user	6m19.670s
sys	0m0.544s
EXIT=0
