mkdir -p /home/hunter/chipyard/.classpath_cache/
mkdir -p /home/hunter/chipyard/sims/verilator/generated-src/chipyard.harness.TestHarness.GemminiNMRocketConfig/
cd /home/hunter/chipyard && java -jar /home/hunter/chipyard/scripts/sbt-launch.jar -Dsbt.ivy.home=/home/hunter/chipyard/.ivy2 -Dsbt.global.base=/home/hunter/chipyard/.sbt -Dsbt.boot.directory=/home/hunter/chipyard/.sbt/boot/ -Dsbt.color=always -Dsbt.supershell=false -Dsbt.server.forcestart=true ";project chipyard; set assembly / assemblyOutputPath := file(\"/home/hunter/chipyard/.classpath_cache/chipyard.jar\"); assembly" && touch /home/hunter/chipyard/.classpath_cache/chipyard.jar
echo "emittedLineLength=2048,noAlwaysComb,disallowLocalVariables,verifLabels,disallowPortDeclSharing,locationInfoStyle=wrapInAtSquareBracket" > /home/hunter/chipyard/sims/verilator/generated-src/chipyard.harness.TestHarness.GemminiNMRocketConfig/.mfc_lowering_options
Picked up JAVA_TOOL_OPTIONS: -Xmx8G -Xss8M -Djava.io.tmpdir=/home/hunter/chipyard/.java_tmp
[0m[[0m[0minfo[0m] [0m[0mwelcome to sbt 1.8.2 (N/A Java 20.0.2-internal)[0m
[0m[[0m[0minfo[0m] [0m[0mloading settings for project chipyard-build from plugins.sbt ...[0m
[0m[[0m[0minfo[0m] [0m[0mloading project definition from /home/hunter/chipyard/project[0m
[0m[[0m[0minfo[0m] [0m[0mloading settings for project chipyardRoot from build.sbt ...[0m
[0m[[0m[0minfo[0m] [0m[0mloading settings for project barf from build.sbt ...[0m
[0m[[0m[0minfo[0m] [0m[0mloading settings for project constellation from build.sbt ...[0m
[0m[[0m[0minfo[0m] [0m[0mloading settings for project icenet from build.sbt ...[0m
[0m[[0m[0minfo[0m] [0m[0mloading settings for project cva6 from build.sbt ...[0m
[0m[[0m[0minfo[0m] [0m[0mloading settings for project ibex from build.sbt ...[0m
[0m[[0m[0minfo[0m] [0m[0mloading settings for project sodor from build.sbt ...[0m
[0m[[0m[0minfo[0m] [0m[0mloading settings for project radiance from build.sbt ...[0m
[0m[[0m[0minfo[0m] [0m[0mloading settings for project midas_target_utils from build.sbt ...[0m
[0m[[0m[0minfo[0m] [0m[0mresolving key references (48737 settings) ...[0m
[0m[[0m[0minfo[0m] [0m[0mset current project to chipyardRoot (in build file:/home/hunter/chipyard/)[0m
[0m[[0m[0minfo[0m] [0m[0mset current project to chipyard (in build file:/home/hunter/chipyard/)[0m
[0m[[0m[0minfo[0m] [0m[0mDefining assembly / assemblyOutputPath[0m
[0m[[0m[0minfo[0m] [0m[0mThe new value will be used by assembly[0m
[0m[[0m[0minfo[0m] [0m[0mReapplying settings...[0m
[0m[[0m[0minfo[0m] [0m[0mset current project to chipyard (in build file:/home/hunter/chipyard/)[0m
Warning: Tried to extract the base path for relative glob tools/stage/src/main/scala/**/*.{java,scala}. To disable this warning, re-run the program with java option, -Dsbt.io.implicit.relative.glob.conversion=allow
Warning: Tried to extract the base path for relative glob tools/stage/src/main/scala/**/*.{java,scala}. To disable this warning, re-run the program with java option, -Dsbt.io.implicit.relative.glob.conversion=allow
Warning: Tried to extract the base path for relative glob tools/firrtl2/src/main/java/**/*.{java,scala}. To disable this warning, re-run the program with java option, -Dsbt.io.implicit.relative.glob.conversion=allow
Warning: Tried to extract the base path for relative glob tools/firrtl2/src/main/java/**/*.{java,scala}. To disable this warning, re-run the program with java option, -Dsbt.io.implicit.relative.glob.conversion=allow
[0m[[0m[0minfo[0m] [0m[0mcompiling 9 Scala sources to /home/hunter/chipyard/generators/gemmini/src/target/scala-2.13/classes ...[0m
[0m[[0m[31merror[0m] [0m[0m/home/hunter/chipyard/generators/gemmini/src/main/scala/gemmini/MeshWithDelays.scala:195:54: type mismatch;[0m
[0m[[0m[31merror[0m] [0m[0m found   : Int[0m
[0m[[0m[31merror[0m] [0m[0m required: chisel3.Vec[T] => scala.collection.IterableOnce[?][0m
[0m[[0m[31merror[0m] [0m[0m        val dense_grp = VecInit(a_shifter_in.flatten(r) +: Seq.fill(m - 1)(zero_a))[0m
[0m[[0m[31merror[0m] [0m[0m                                                     ^[0m
[0m[[0m[31merror[0m] [0m[0m/home/hunter/chipyard/generators/gemmini/src/main/scala/gemmini/MeshWithDelays.scala:199:31: type mismatch;[0m
[0m[[0m[31merror[0m] [0m[0m found   : chisel3.Vec[chisel3.Vec[Nothing]][0m
[0m[[0m[31merror[0m] [0m[0m required: chisel3.Vec[chisel3.Vec[T]][0m
[0m[[0m[31merror[0m] [0m[0m      mesh.io.in_a := shifted(a_mesh_in, leftBanks)[0m
[0m[[0m[31merror[0m] [0m[0m                              ^[0m
[0m[[0m[31merror[0m] [0m[0m/home/hunter/chipyard/generators/gemmini/src/main/scala/gemmini/MeshWithDelays.scala:208:20: overloaded method := with alternatives:[0m
[0m[[0m[31merror[0m] [0m[0m  (that: chisel3.Vec[chisel3.Vec[chisel3.Data]])(implicit sourceInfo: chisel3.experimental.SourceInfo): Unit <and>[0m
[0m[[0m[31merror[0m] [0m[0m  (that: Seq[chisel3.Vec[chisel3.Data]])(implicit sourceInfo: chisel3.experimental.SourceInfo): Unit <and>[0m
[0m[[0m[31merror[0m] [0m[0m  (that: => chisel3.Data)(implicit sourceInfo: chisel3.experimental.SourceInfo): Unit[0m
[0m[[0m[31merror[0m] [0m[0m cannot be applied to (Seq[chisel3.Vec[T]])[0m
[0m[[0m[31merror[0m] [0m[0m      mesh.io.in_a := shifted(a_shifter_in, leftBanks)[0m
[0m[[0m[31merror[0m] [0m[0m                   ^[0m
[0m[[0m[31merror[0m] [0m[0mthree errors found[0m
[0m[[0m[31merror[0m] [0m[0m(gemmini / Compile / [31mcompileIncremental[0m) Compilation failed[0m
[0m[[0m[31merror[0m] [0m[0mTotal time: 9 s, completed Oct 6, 2026, 12:43:41 AM[0m
[0Jmake: *** [/home/hunter/chipyard/common.mk:140: /home/hunter/chipyard/.classpath_cache/chipyard.jar] Error 1

real	0m19.803s
user	1m42.566s
sys	0m7.148s
EXIT=2
