/home/hunter/chipyard/common.mk:537: warning: overriding recipe for target 'run-asm-tests-fast'
/home/hunter/chipyard/sims/verilator/generated-src/chipyard.harness.TestHarness.GemminiNM48RocketConfig/chipyard.harness.TestHarness.GemminiNM48RocketConfig.d:780: warning: ignoring old recipe for target 'run-asm-tests-fast'
/home/hunter/chipyard/common.mk:540: warning: overriding recipe for target 'run-bmark-tests-fast'
/home/hunter/chipyard/sims/verilator/generated-src/chipyard.harness.TestHarness.GemminiNM48RocketConfig/chipyard.harness.TestHarness.GemminiNM48RocketConfig.d:839: warning: ignoring old recipe for target 'run-bmark-tests-fast'
if [ "/home/hunter/chipyard/generators/gemmini/software/gemmini-rocc-tests/build/bareMetalC/nm_sparse_matmul_48-baremetal" != "none" ] && [ ! -f "/home/hunter/chipyard/generators/gemmini/software/gemmini-rocc-tests/build/bareMetalC/nm_sparse_matmul_48-baremetal" ]; then printf "\n\nBinary /home/hunter/chipyard/generators/gemmini/software/gemmini-rocc-tests/build/bareMetalC/nm_sparse_matmul_48-baremetal not found\n\n"; exit 1; fi
(set -o pipefail &&  /home/hunter/chipyard/sims/verilator/simulator-chipyard.harness-GemminiNM48RocketConfig \
	+permissive \
	+dramsim +dramsim_ini_dir=/home/hunter/chipyard/generators/testchipip/src/main/resources/dramsim2_ini +max-cycles=150000000   +loadmem=/home/hunter/chipyard/generators/gemmini/software/gemmini-rocc-tests/build/bareMetalC/nm_sparse_matmul_48-baremetal  \
	+permissive-off \
	/home/hunter/chipyard/generators/gemmini/software/gemmini-rocc-tests/build/bareMetalC/nm_sparse_matmul_48-baremetal \
	 \
	</dev/null | tee /home/hunter/chipyard/sims/verilator/output/chipyard.harness.TestHarness.GemminiNM48RocketConfig/nm_sparse_matmul_48-baremetal.log)
== Loading device model file '/home/hunter/chipyard/generators/testchipip/src/main/resources/dramsim2_ini/DDR3_micron_64M_8B_x4_sg15.ini' == 
%Warning: System has stack size 8192 kb which may be too small; suggest 'ulimit -c 15365' or larger
[UART] UART0 is here (stdin/stdout).
== Loading system model file '/home/hunter/chipyard/generators/testchipip/src/main/resources/dramsim2_ini/system.ini' == 
===== MemorySystem 0 =====
CH. 0 TOTAL_STORAGE : 4096MB | 1 Ranks | 16 Devices per rank
DRAMSim2 Clock Frequency =666666666Hz, CPU Clock Frequency=500000000Hz
nm_sparse_matmul: 4:8, i=32 k=64 j=32
dense  cycles: 554 (16 preload/compute pairs)
sparse cycles: 1031 (8 preload/compute pairs, 8 meta cmds each)
nm_sparse_matmul passed
- /home/hunter/chipyard/sims/verilator/generated-src/chipyard.harness.TestHarness.GemminiNM48RocketConfig/gen-collateral/TestDriver.v:158: Verilog $finish
