/home/hunter/chipyard/common.mk:537: warning: overriding recipe for target 'run-asm-tests-fast'
/home/hunter/chipyard/sims/verilator/generated-src/chipyard.harness.TestHarness.GemminiRocketConfig/chipyard.harness.TestHarness.GemminiRocketConfig.d:780: warning: ignoring old recipe for target 'run-asm-tests-fast'
/home/hunter/chipyard/common.mk:540: warning: overriding recipe for target 'run-bmark-tests-fast'
/home/hunter/chipyard/sims/verilator/generated-src/chipyard.harness.TestHarness.GemminiRocketConfig/chipyard.harness.TestHarness.GemminiRocketConfig.d:839: warning: ignoring old recipe for target 'run-bmark-tests-fast'
if [ "/tmp/tmp.zg27CfY6YW/berkeley_dense_perf-baremetal" != "none" ] && [ ! -f "/tmp/tmp.zg27CfY6YW/berkeley_dense_perf-baremetal" ]; then printf "\n\nBinary /tmp/tmp.zg27CfY6YW/berkeley_dense_perf-baremetal not found\n\n"; exit 1; fi
(set -o pipefail &&  /home/hunter/chipyard/sims/verilator/simulator-chipyard.harness-GemminiRocketConfig \
	+permissive \
	+dramsim +dramsim_ini_dir=/home/hunter/chipyard/generators/testchipip/src/main/resources/dramsim2_ini +max-cycles=150000000   +loadmem=/tmp/tmp.zg27CfY6YW/berkeley_dense_perf-baremetal  \
	+permissive-off \
	/tmp/tmp.zg27CfY6YW/berkeley_dense_perf-baremetal \
	 \
	</dev/null | tee /home/hunter/chipyard/sims/verilator/output/chipyard.harness.TestHarness.GemminiRocketConfig/berkeley_dense_perf-baremetal.log)
== Loading device model file '/home/hunter/chipyard/generators/testchipip/src/main/resources/dramsim2_ini/DDR3_micron_64M_8B_x4_sg15.ini' == 
%Warning: System has stack size 8192 kb which may be too small; suggest 'ulimit -c 15363' or larger
[UART] UART0 is here (stdin/stdout).
== Loading system model file '/home/hunter/chipyard/generators/testchipip/src/main/resources/dramsim2_ini/system.ini' == 
===== MemorySystem 0 =====
CH. 0 TOTAL_STORAGE : 4096MB | 1 Ranks | 16 Devices per rank
DRAMSim2 Clock Frequency =666666666Hz, CPU Clock Frequency=500000000Hz
berkeley_dense_perf: unmodified gemmini, i=64 k=128 j=32
dense          total   2207  cpu_issue_done   2140  pairs  64  cyc/pair   34 | ex_active=1800 rs_full=2226 ctrl_q_block=0 overlap_haz=0 spad_a_wait=85 spad_b_wait=239 spad_d_wait=317 main_ex=2058
dense matches the cpu reference (2048 values)
dense_bias     total   2002  cpu_issue_done   1944  pairs  64  cyc/pair   31 | ex_active=1725 rs_full=1979 ctrl_q_block=0 overlap_haz=0 spad_a_wait=211 spad_b_wait=104 spad_d_wait=192 main_ex=1954
dense_reuse    total   1634  cpu_issue_done   1568  pairs  64  cyc/pair   25 | ex_active=1260 rs_full=1614 ctrl_q_block=0 overlap_haz=0 spad_a_wait=321 spad_b_wait=139 spad_d_wait=306 main_ex=1529
dense_reuse matches the cpu reference (2048 values)
cpu only (no gemmini instructions issued):
cpu_dense      total   1586  cpu_issue_done   1584  pairs  64  cyc/pair   24 | ex_active=0 rs_full=1698 ctrl_q_block=0 overlap_haz=0 spad_a_wait=1641 spad_b_wait=0 spad_d_wait=1611 main_ex=0
cpu_dense_reuse total   1074  cpu_issue_done   1072  pairs  64  cyc/pair   16 | ex_active=0 rs_full=1182 ctrl_q_block=0 overlap_haz=0 spad_a_wait=1137 spad_b_wait=0 spad_d_wait=1107 main_ex=0
berkeley_dense_perf passed
- /home/hunter/chipyard/sims/verilator/generated-src/chipyard.harness.TestHarness.GemminiRocketConfig/gen-collateral/TestDriver.v:158: Verilog $finish
